// Jest Snapshot v1, https://goo.gl/fbAQLP

exports[`Snapshot test for Navbar 1`] = `
Array [
  <div
    className="sc-bcXHqe gnYXPE"
    height="172px"
  >
    <div
      aria-label="Navbar"
      className="sc-gswNZR hqSMDk"
      style={
        Object {
          "minHeight": "173px",
          "overflowY": "hidden",
        }
      }
    >
      <div
        className="sc-dkrFOg DRasr"
      >
        <div
          className="sc-hLBbgP bpqExl"
          onClick={[Function]}
          onKeyDown={[Function]}
          tabIndex={0}
        >
          <img
            aria-label="Pikadex logo"
            className="sc-eDvSVe hXVQL"
            src="Logo.svg"
          />
          <div
            aria-label="Pikadex"
          >
            Pikadex
          </div>
        </div>
      </div>
      <img
        alt="pikachu"
        className="pikachu"
        src="pikachu.svg"
        style={
          Object {
            "display": "block",
          }
        }
      />
      <div
        className="sc-iJnaPW kmYkko"
        style={
          Object {
            "display": "block",
          }
        }
      >
        <img
          alt="pikachu"
          className="pikachu-small"
          src="pikachu.svg"
        />
        <img
          alt="bulbasaur"
          className="bulbasaur"
          src="bulbasaur.svg"
        />
        <img
          alt="charizard"
          className="charmander"
          src="charmander.svg"
        />
        <img
          alt="squirtle"
          className="squirtle"
          src="squirtle.svg"
        />
      </div>
      <img
        className="sc-gKPRtg jLQWgF"
        src="Pokeball.svg"
      />
      <div
        className="sc-iBYQkv lpkjnG"
      >
        <div
          className="sc-ftTHYK jUJFST"
        >
          <div
            className="filler"
          />
          <div
            className="searchContainer"
          >
            <form
              onSubmit={[Function]}
            >
              <input
                className="searchbar"
                onChange={[Function]}
                placeholder="Search by name or index"
                tabIndex={0}
                type="text"
              />
            </form>
            <svg
              aria-label="Search button"
              ariaHidden="true"
              className="searchIcon"
              fill="currentColor"
              height={25}
              onClick={[Function]}
              onKeyDown={[Function]}
              stroke="currentColor"
              strokeWidth="0"
              style={
                Object {
                  "color": undefined,
                }
              }
              tabIndex={0}
              viewBox="0 0 24 24"
              width={25}
              xmlns="http://www.w3.org/2000/svg"
            >
              <path
                clipRule="evenodd"
                d="M10.5 3.75a6.75 6.75 0 100 13.5 6.75 6.75 0 000-13.5zM2.25 10.5a8.25 8.25 0 1114.59 5.28l4.69 4.69a.75.75 0 11-1.06 1.06l-4.69-4.69A8.25 8.25 0 012.25 10.5z"
                fillRule="evenodd"
              />
            </svg>
          </div>
          <div
            className="sc-pyfCe iVLzIl"
            onClick={[Function]}
          >
            <div
              aria-label="Surprise me button"
              className="sc-jrcTuL glYgYC"
              onKeyDown={[Function]}
              tabIndex={0}
            >
              <div
                className="sc-kDvujY iAZqnG"
              >
                Surprise me!
              </div>
              <img
                className="sc-ipEyDJ jklogQ pokeballBtn"
                src="pokeball_icon.svg"
              />
            </div>
          </div>
        </div>
        <div
          className="sc-csuSiG emayJc"
        />
      </div>
    </div>
    <div
      className="sc-hBxehG hIuACp"
    >
      <img
        aria-label="Toggle navbar dropdown"
        className="sc-gikAfH hBJWua navbarDropdown"
        onClick={[Function]}
        onKeyDown={[Function]}
        src="navbarEdge.svg"
        tabIndex={0}
      />
    </div>
  </div>,
  <img
    className="sc-ezOQGI cVhwjX"
    height="70vh"
    offset="1px"
    src="leftEdge.svg"
  />,
  <img
    className="sc-bYMpWt ekOfpy"
    height="70vh"
    offset="1px"
    src="rightEdge.svg"
  />,
]
`;
